[2026-07-24 15:26:37] Authentication check failed. Session ID: mtr194s710g9cbillk9k1sp1ic, Session data: []
[2026-07-24 15:34:47] Authentication check failed. Session ID: pdj6gjhtaeml86k757cfthvt37, Session data: []
[2026-07-24 15:45:33] Authentication check failed. Session ID: pdj6gjhtaeml86k757cfthvt37, Session data: []
[2026-07-25 15:09:07] Authentication check failed. Session ID: 1nb2rp36b7s7fgu6io25m05rjb, Session data: []
[2026-07-25 18:31:30] Authentication check failed. Session ID: eptj0ugki1hcto83e9v2u9qrr3, Session data: []
[2026-07-25 18:43:40] Authentication check failed. Session ID: eptj0ugki1hcto83e9v2u9qrr3, Session data: []
[2026-07-25 18:48:19] Authentication check failed. Session ID: eptj0ugki1hcto83e9v2u9qrr3, Session data: []
[2026-07-25 18:48:59] Authentication check failed. Session ID: eptj0ugki1hcto83e9v2u9qrr3, Session data: []
[2026-07-25 18:54:43] Authentication check failed. Session ID: eptj0ugki1hcto83e9v2u9qrr3, Session data: []
[2026-07-25 18:55:07] Authentication check failed. Session ID: eptj0ugki1hcto83e9v2u9qrr3, Session data: []
[2026-07-25 18:55:37] Authentication check failed. Session ID: eptj0ugki1hcto83e9v2u9qrr3, Session data: []
[2026-07-25 18:55:54] Authentication check failed. Session ID: eptj0ugki1hcto83e9v2u9qrr3, Session data: []
[2026-07-25 18:56:14] Authentication check failed. Session ID: eptj0ugki1hcto83e9v2u9qrr3, Session data: []
[2026-07-25 18:57:03] Authentication check failed. Session ID: eptj0ugki1hcto83e9v2u9qrr3, Session data: []
[2026-07-25 19:18:38] Authentication check failed. Session ID: eptj0ugki1hcto83e9v2u9qrr3, Session data: []
[2026-07-25 21:04:31] Authentication check failed. Session ID: eptj0ugki1hcto83e9v2u9qrr3, Session data: []
[2026-07-25 21:07:20] Authentication check failed. Session ID: eptj0ugki1hcto83e9v2u9qrr3, Session data: []
[2026-07-25 21:07:53] Authentication check failed. Session ID: eptj0ugki1hcto83e9v2u9qrr3, Session data: []
[2026-07-25 21:09:41] Authentication check failed. Session ID: eptj0ugki1hcto83e9v2u9qrr3, Session data: []
[2026-07-25 21:12:16] Authentication check failed. Session ID: eptj0ugki1hcto83e9v2u9qrr3, Session data: []
[2026-07-25 21:13:26] Authentication check failed. Session ID: eptj0ugki1hcto83e9v2u9qrr3, Session data: []
[2026-07-26 07:19:14] Authentication check failed. Session ID: vcm0rsabnu627f5aeqpnee7889, Session data: []
[2026-07-26 07:19:23] Authentication check failed. Session ID: vcm0rsabnu627f5aeqpnee7889, Session data: []
[2026-07-26 07:24:22] Authentication check failed. Session ID: vcm0rsabnu627f5aeqpnee7889, Session data: []
[2026-07-26 07:26:24] Authentication check failed. Session ID: vcm0rsabnu627f5aeqpnee7889, Session data: []
[2026-07-26 11:24:46] Authentication check failed. Session ID: vcm0rsabnu627f5aeqpnee7889, Session data: []
